VOMS-crUser
VOMS-crUserNocert
VOMS-delUser
VOMS-listUsers
VOMS-crRole
VOMS-delRole
VOMS-listRoles
VOMS-assignRole
VOMS-dismissRole
VOMS-listUserRoles
VOMS-listUsrWithRol
VOMS-crGroup
VOMS-delGroup
VOMS-listGroups
VOMS-listSubGroups
VOMS-listUserGroups
VOMS-addMember
VOMS-removeMember
VOMS-listMembers
VOMS-listACLGroup
VOMS-listACLRole
VOMS-removeACLGroup
VOMS-removeACLRole
VOMS-crACLGroup
VOMS-crACLRole
VOMS-crDefaultACL
VOMS-removeDefaultACL
VOMS-listDefaultACL
VOMS-genGM
VOMS-crAttribute
VOMS-delAttribute
VOMS-listAttributes
VOMS-setUserAttribute
VOMS-listUserAttributes
VOMS-delUserAttribute
VOMS-setGroupAttribute
VOMS-delGroupAttribute
VOMS-listGroupAttributes
VOMS-setRoleAttribute
VOMS-delRoleAttribute
VOMS-listRoleAttributes
VOMS-pr-pwst
VOMS-pr-hours
VOMS-pr-limit
VOMS-pr-list
VOMS-pr-quiet
VOMS-pr-valid
VOMS-pr-verify
VOMS-pr-vers
VOMS-pr-dbg
VOMS-pr-cert
VOMS-pr-key
VOMS-pr-out
VOMS-pr-vomses
VOMS-pr-vlf
VOMS-pr-warn
VOMS-pr-ign
VOMS-pr-bits
VOMS-pr-hlp
VOMS-pr-usg
VOMS-pr-attr
VOMS-pr-noreg
VOMS-pr-pver
VOMS-pr-conf
VOMS-pr-order
VOMS-pr-RoleOrder